not checking hosts
completed step: blue with 0 nodes and green with 2 nodes
completed step: blue with 1 nodes and green with 2 nodes
completed step: blue with 1 nodes and green with 1 nodes
completed step: blue with 2 nodes and green with 1 nodes
completed step: blue with 2 nodes and green with 0 nodes
completed step: blue with 3 nodes and green with 0 nodes
